// Jest Snapshot v1, https://goo.gl/fbAQLP

exports[`App should math the expected snapshot 1`] = `
<DocumentFragment>
  <div>
    Hello World !
  </div>
  <div>
    Let's do a nice looking app :)
  </div>
</DocumentFragment>
`;
